
> crazy-cactus@0.1.0 build
> next build

Γû▓ Next.js 16.1.6 (Turbopack)
- Environments: .env.local

node.exe : ΓÜá The "middleware" 
file convention is deprecated. 
Please use "proxy" instead. 
Learn more: https://nextjs.org/d
ocs/messages/middleware-to-proxy
At line:1 char:1
+ & "C:\Program 
Files\nodejs/node.exe" "C:\Users
\TAGDesigns\AppData\Roa ...
+ ~~~~~~~~~~~~~~~~~~~~~~~~~~~~~~
~~~~~~~~~~~~~~~~~~~~~~~~~~~~~~~~
~~~~~~~
    + CategoryInfo          : N 
   otSpecified: (ΓÜá The "midd  
  le...leware-to-proxy:String   
 ) [], RemoteException
    + FullyQualifiedErrorId : N 
   ativeCommandError
 
  Creating an optimized production build ...
Error: Cannot apply unknown 
utility class `duration-normal`
    [2m[at onInvalidCandidate (
C:\Users\TAGDesigns\Desktop\craz
y-cactus\node_modules\tailwindcs
s\dist\lib.js:21:1511)][0m
    [2m[at Ee (C:\Users\TAGDesi
gns\Desktop\crazy-cactus\node_mo
dules\tailwindcss\dist\lib.js:16
:37066)][0m
    [2m[at C:\Users\TAGDesigns\
Desktop\crazy-cactus\node_module
s\tailwindcss\dist\lib.js:21:355
][0m
    [2m[at Pr (C:\Users\TAGDesi
gns\Desktop\crazy-cactus\node_mo
dules\tailwindcss\dist\lib.js:3:
1733)][0m
    [2m[at _ (C:\Users\TAGDesig
ns\Desktop\crazy-cactus\node_mod
ules\tailwindcss\dist\lib.js:3:1
377)][0m
    [2m[at Te (C:\Users\TAGDesi
gns\Desktop\crazy-cactus\node_mo
dules\tailwindcss\dist\lib.js:21
:172)][0m
    [2m[at pn (C:\Users\TAGDesi
gns\Desktop\crazy-cactus\node_mo
dules\tailwindcss\dist\lib.js:38
:294)][0m
    [2m[at async dn (C:\Users\T
AGDesigns\Desktop\crazy-cactus\n
ode_modules\tailwindcss\dist\lib
.js:38:631)][0m
    [2m[at async Xr (C:\Users\T
AGDesigns\Desktop\crazy-cactus\n
ode_modules\@tailwindcss\node\di
st\index.js:10:3417)][0m
    [2m[at async N (C:\Users\TA
GDesigns\Desktop\crazy-cactus\no
de_modules\@tailwindcss\postcss\
dist\index.js:10:3979)][0m

> Build error occurred
Error: Turbopack build failed 
with 1 errors:
./app/globals.css
Error evaluating Node.js code
CssSyntaxError: tailwindcss: C:\
Users\TAGDesigns\Desktop\crazy-c
actus\app\globals.css:1:1: 
Cannot apply unknown utility 
class `duration-normal`
    at Input.error (node_modules
/postcss/lib/input.js:135:16) [C
:\Users\TAGDesigns\Desktop\crazy
-cactus\.next\build\chunks\node_
modules_fe693df6._.js:4651:22]
    at Root.error (node_modules/
postcss/lib/node.js:146:32) [C:\
Users\TAGDesigns\Desktop\crazy-c
actus\.next\build\chunks\node_mo
dules_fe693df6._.js:928:38]
    [at Object.Once (C:\Users\TA
GDesigns\Desktop\crazy-cactus\no
de_modules\@tailwindcss\postcss\
dist\index.js:10:6913)]
    at async 
LazyResult.runAsync (node_module
s/postcss/lib/lazy-result.js:293
:11) [C:\Users\TAGDesigns\Deskto
p\crazy-cactus\.next\build\chunk
s\node_modules_fe693df6._.js:620
6:21]
    at async transform (turbopac
k:///[turbopack-node]/transforms
/postcss.ts:70:34) [C:\Users\TAG
Designs\Desktop\crazy-cactus\.ne
xt\build\chunks\[root-of-the-ser
ver]__51225daf._.js:146:36]
    at async run (turbopack:///[
turbopack-node]/ipc/evaluate.ts:
92:23) [C:\Users\TAGDesigns\Desk
top\crazy-cactus\.next\build\chu
nks\[root-of-the-server]__974941
ed._.js:443:31]

Import trace:
  Client Component Browser:
    ./app/globals.css [Client 
Component Browser]
    ./app/layout.tsx [Server 
Component]


    at async transform (turbopac
k:///[turbopack-node]/transforms
/postcss.ts:70:34) [C:\Users\TAG
Designs\Desktop\crazy-cactus\.ne
xt\build\chunks\[root-of-the-ser
ver]__51225daf._.js:146:36])
    at async run (turbopack:///[
turbopack-node]/ipc/evaluate.ts:
92:23) [C:\Users\TAGDesigns\Desk
top\crazy-cactus\.next\build\chu
nks\[root-of-the-server]__974941
ed._.js:443:31])
